CRITICAL - 2026-09-10 08:01:54 --> Error: Class "Locale" not found
[Method: GET, Route: /]
in SYSTEMPATH/CodeIgniter.php on line 190.
 1 SYSTEMPATH/Boot.php(312): CodeIgniter\CodeIgniter->initialize()
 2 SYSTEMPATH/Boot.php(66): CodeIgniter\Boot::initializeCodeIgniter()
 3 FCPATH/index.php(56): CodeIgniter\Boot::bootWeb(Object(Config\Paths))
CRITICAL - 2026-09-10 08:01:54 --> ErrorException: Uncaught Error: Class "Locale" not found in /Applications/XAMPP/xamppfiles/htdocs/DeJesusAndrew_IT0049/demonstration_ci4/system/I18n/TimeTrait.php:76
Stack trace:
#0 /Applications/XAMPP/xamppfiles/htdocs/DeJesusAndrew_IT0049/demonstration_ci4/system/I18n/TimeTrait.php(117): CodeIgniter\I18n\Time->__construct(NULL, NULL, NULL)
#1 /Applications/XAMPP/xamppfiles/htdocs/DeJesusAndrew_IT0049/demonstration_ci4/system/HTTP/ResponseTrait.php(395): CodeIgniter\I18n\Time::now()
#2 /Applications/XAMPP/xamppfiles/htdocs/DeJesusAndrew_IT0049/demonstration_ci4/system/HTTP/ResponseTrait.php(373): CodeIgniter\HTTP\Response->sendHeaders()
#3 /Applications/XAMPP/xamppfiles/htdocs/DeJesusAndrew_IT0049/demonstration_ci4/system/Debug/ExceptionHandler.php(83): CodeIgniter\HTTP\Response->send()
#4 /Applications/XAMPP/xamppfiles/htdocs/DeJesusAndrew_IT0049/demonstration_ci4/system/Debug/Exceptions.php(163): CodeIgniter\Debug\ExceptionHandler->handle(Object(Error), Object(CodeIgniter\HTTP\IncomingRequest), Object(CodeIgniter\HTTP\Response), 500, 1)
#5 [internal function]: CodeIgniter\Debug\Exceptions->exceptionHandler(Object(Error))
#6 {main}
  thrown
【Previous Exception】
Error
Class "Locale" not found
#0 /Applications/XAMPP/xamppfiles/htdocs/DeJesusAndrew_IT0049/demonstration_ci4/system/Boot.php(312): CodeIgniter\CodeIgniter->initialize()
#1 /Applications/XAMPP/xamppfiles/htdocs/DeJesusAndrew_IT0049/demonstration_ci4/system/Boot.php(66): CodeIgniter\Boot::initializeCodeIgniter()
#2 /Applications/XAMPP/xamppfiles/htdocs/DeJesusAndrew_IT0049/demonstration_ci4/public/index.php(56): CodeIgniter\Boot::bootWeb(Object(Config\Paths))
#3 {main}
[Method: GET, Route: /]
in SYSTEMPATH/I18n/TimeTrait.php on line 76.
 1 [internal function]: CodeIgniter\Debug\Exceptions->shutdownHandler()
CRITICAL - 2026-09-10 08:01:55 --> Error: Class "Locale" not found
[Method: GET, Route: about]
in SYSTEMPATH/CodeIgniter.php on line 190.
 1 SYSTEMPATH/Boot.php(312): CodeIgniter\CodeIgniter->initialize()
 2 SYSTEMPATH/Boot.php(66): CodeIgniter\Boot::initializeCodeIgniter()
 3 FCPATH/index.php(56): CodeIgniter\Boot::bootWeb(Object(Config\Paths))
CRITICAL - 2026-09-10 08:01:55 --> ErrorException: Uncaught Error: Class "Locale" not found in /Applications/XAMPP/xamppfiles/htdocs/DeJesusAndrew_IT0049/demonstration_ci4/system/I18n/TimeTrait.php:76
Stack trace:
#0 /Applications/XAMPP/xamppfiles/htdocs/DeJesusAndrew_IT0049/demonstration_ci4/system/I18n/TimeTrait.php(117): CodeIgniter\I18n\Time->__construct(NULL, NULL, NULL)
#1 /Applications/XAMPP/xamppfiles/htdocs/DeJesusAndrew_IT0049/demonstration_ci4/system/HTTP/ResponseTrait.php(395): CodeIgniter\I18n\Time::now()
#2 /Applications/XAMPP/xamppfiles/htdocs/DeJesusAndrew_IT0049/demonstration_ci4/system/HTTP/ResponseTrait.php(373): CodeIgniter\HTTP\Response->sendHeaders()
#3 /Applications/XAMPP/xamppfiles/htdocs/DeJesusAndrew_IT0049/demonstration_ci4/system/Debug/ExceptionHandler.php(83): CodeIgniter\HTTP\Response->send()
#4 /Applications/XAMPP/xamppfiles/htdocs/DeJesusAndrew_IT0049/demonstration_ci4/system/Debug/Exceptions.php(163): CodeIgniter\Debug\ExceptionHandler->handle(Object(Error), Object(CodeIgniter\HTTP\IncomingRequest), Object(CodeIgniter\HTTP\Response), 500, 1)
#5 [internal function]: CodeIgniter\Debug\Exceptions->exceptionHandler(Object(Error))
#6 {main}
  thrown
【Previous Exception】
Error
Class "Locale" not found
#0 /Applications/XAMPP/xamppfiles/htdocs/DeJesusAndrew_IT0049/demonstration_ci4/system/Boot.php(312): CodeIgniter\CodeIgniter->initialize()
#1 /Applications/XAMPP/xamppfiles/htdocs/DeJesusAndrew_IT0049/demonstration_ci4/system/Boot.php(66): CodeIgniter\Boot::initializeCodeIgniter()
#2 /Applications/XAMPP/xamppfiles/htdocs/DeJesusAndrew_IT0049/demonstration_ci4/public/index.php(56): CodeIgniter\Boot::bootWeb(Object(Config\Paths))
#3 {main}
[Method: GET, Route: about]
in SYSTEMPATH/I18n/TimeTrait.php on line 76.
 1 [internal function]: CodeIgniter\Debug\Exceptions->shutdownHandler()
CRITICAL - 2026-09-10 08:01:55 --> Error: Class "Locale" not found
[Method: GET, Route: customers]
in SYSTEMPATH/CodeIgniter.php on line 190.
 1 SYSTEMPATH/Boot.php(312): CodeIgniter\CodeIgniter->initialize()
 2 SYSTEMPATH/Boot.php(66): CodeIgniter\Boot::initializeCodeIgniter()
 3 FCPATH/index.php(56): CodeIgniter\Boot::bootWeb(Object(Config\Paths))
CRITICAL - 2026-09-10 08:01:55 --> ErrorException: Uncaught Error: Class "Locale" not found in /Applications/XAMPP/xamppfiles/htdocs/DeJesusAndrew_IT0049/demonstration_ci4/system/I18n/TimeTrait.php:76
Stack trace:
#0 /Applications/XAMPP/xamppfiles/htdocs/DeJesusAndrew_IT0049/demonstration_ci4/system/I18n/TimeTrait.php(117): CodeIgniter\I18n\Time->__construct(NULL, NULL, NULL)
#1 /Applications/XAMPP/xamppfiles/htdocs/DeJesusAndrew_IT0049/demonstration_ci4/system/HTTP/ResponseTrait.php(395): CodeIgniter\I18n\Time::now()
#2 /Applications/XAMPP/xamppfiles/htdocs/DeJesusAndrew_IT0049/demonstration_ci4/system/HTTP/ResponseTrait.php(373): CodeIgniter\HTTP\Response->sendHeaders()
#3 /Applications/XAMPP/xamppfiles/htdocs/DeJesusAndrew_IT0049/demonstration_ci4/system/Debug/ExceptionHandler.php(83): CodeIgniter\HTTP\Response->send()
#4 /Applications/XAMPP/xamppfiles/htdocs/DeJesusAndrew_IT0049/demonstration_ci4/system/Debug/Exceptions.php(163): CodeIgniter\Debug\ExceptionHandler->handle(Object(Error), Object(CodeIgniter\HTTP\IncomingRequest), Object(CodeIgniter\HTTP\Response), 500, 1)
#5 [internal function]: CodeIgniter\Debug\Exceptions->exceptionHandler(Object(Error))
#6 {main}
  thrown
【Previous Exception】
Error
Class "Locale" not found
#0 /Applications/XAMPP/xamppfiles/htdocs/DeJesusAndrew_IT0049/demonstration_ci4/system/Boot.php(312): CodeIgniter\CodeIgniter->initialize()
#1 /Applications/XAMPP/xamppfiles/htdocs/DeJesusAndrew_IT0049/demonstration_ci4/system/Boot.php(66): CodeIgniter\Boot::initializeCodeIgniter()
#2 /Applications/XAMPP/xamppfiles/htdocs/DeJesusAndrew_IT0049/demonstration_ci4/public/index.php(56): CodeIgniter\Boot::bootWeb(Object(Config\Paths))
#3 {main}
[Method: GET, Route: customers]
in SYSTEMPATH/I18n/TimeTrait.php on line 76.
 1 [internal function]: CodeIgniter\Debug\Exceptions->shutdownHandler()
CRITICAL - 2026-09-10 08:01:55 --> Error: Class "Locale" not found
[Method: GET, Route: users]
in SYSTEMPATH/CodeIgniter.php on line 190.
 1 SYSTEMPATH/Boot.php(312): CodeIgniter\CodeIgniter->initialize()
 2 SYSTEMPATH/Boot.php(66): CodeIgniter\Boot::initializeCodeIgniter()
 3 FCPATH/index.php(56): CodeIgniter\Boot::bootWeb(Object(Config\Paths))
CRITICAL - 2026-09-10 08:01:55 --> ErrorException: Uncaught Error: Class "Locale" not found in /Applications/XAMPP/xamppfiles/htdocs/DeJesusAndrew_IT0049/demonstration_ci4/system/I18n/TimeTrait.php:76
Stack trace:
#0 /Applications/XAMPP/xamppfiles/htdocs/DeJesusAndrew_IT0049/demonstration_ci4/system/I18n/TimeTrait.php(117): CodeIgniter\I18n\Time->__construct(NULL, NULL, NULL)
#1 /Applications/XAMPP/xamppfiles/htdocs/DeJesusAndrew_IT0049/demonstration_ci4/system/HTTP/ResponseTrait.php(395): CodeIgniter\I18n\Time::now()
#2 /Applications/XAMPP/xamppfiles/htdocs/DeJesusAndrew_IT0049/demonstration_ci4/system/HTTP/ResponseTrait.php(373): CodeIgniter\HTTP\Response->sendHeaders()
#3 /Applications/XAMPP/xamppfiles/htdocs/DeJesusAndrew_IT0049/demonstration_ci4/system/Debug/ExceptionHandler.php(83): CodeIgniter\HTTP\Response->send()
#4 /Applications/XAMPP/xamppfiles/htdocs/DeJesusAndrew_IT0049/demonstration_ci4/system/Debug/Exceptions.php(163): CodeIgniter\Debug\ExceptionHandler->handle(Object(Error), Object(CodeIgniter\HTTP\IncomingRequest), Object(CodeIgniter\HTTP\Response), 500, 1)
#5 [internal function]: CodeIgniter\Debug\Exceptions->exceptionHandler(Object(Error))
#6 {main}
  thrown
【Previous Exception】
Error
Class "Locale" not found
#0 /Applications/XAMPP/xamppfiles/htdocs/DeJesusAndrew_IT0049/demonstration_ci4/system/Boot.php(312): CodeIgniter\CodeIgniter->initialize()
#1 /Applications/XAMPP/xamppfiles/htdocs/DeJesusAndrew_IT0049/demonstration_ci4/system/Boot.php(66): CodeIgniter\Boot::initializeCodeIgniter()
#2 /Applications/XAMPP/xamppfiles/htdocs/DeJesusAndrew_IT0049/demonstration_ci4/public/index.php(56): CodeIgniter\Boot::bootWeb(Object(Config\Paths))
#3 {main}
[Method: GET, Route: users]
in SYSTEMPATH/I18n/TimeTrait.php on line 76.
 1 [internal function]: CodeIgniter\Debug\Exceptions->shutdownHandler()
CRITICAL - 2026-09-10 08:02:05 --> Error: Class "Locale" not found
[Method: GET, Route: /]
in SYSTEMPATH/CodeIgniter.php on line 190.
 1 SYSTEMPATH/Boot.php(312): CodeIgniter\CodeIgniter->initialize()
 2 SYSTEMPATH/Boot.php(66): CodeIgniter\Boot::initializeCodeIgniter()
 3 FCPATH/index.php(56): CodeIgniter\Boot::bootWeb(Object(Config\Paths))
CRITICAL - 2026-09-10 08:02:05 --> ErrorException: Uncaught Error: Class "Locale" not found in /Applications/XAMPP/xamppfiles/htdocs/DeJesusAndrew_IT0049/demonstration_ci4/system/I18n/TimeTrait.php:76
Stack trace:
#0 /Applications/XAMPP/xamppfiles/htdocs/DeJesusAndrew_IT0049/demonstration_ci4/system/I18n/TimeTrait.php(117): CodeIgniter\I18n\Time->__construct(NULL, NULL, NULL)
#1 /Applications/XAMPP/xamppfiles/htdocs/DeJesusAndrew_IT0049/demonstration_ci4/system/HTTP/ResponseTrait.php(395): CodeIgniter\I18n\Time::now()
#2 /Applications/XAMPP/xamppfiles/htdocs/DeJesusAndrew_IT0049/demonstration_ci4/system/HTTP/ResponseTrait.php(373): CodeIgniter\HTTP\Response->sendHeaders()
#3 /Applications/XAMPP/xamppfiles/htdocs/DeJesusAndrew_IT0049/demonstration_ci4/system/Debug/ExceptionHandler.php(83): CodeIgniter\HTTP\Response->send()
#4 /Applications/XAMPP/xamppfiles/htdocs/DeJesusAndrew_IT0049/demonstration_ci4/system/Debug/Exceptions.php(163): CodeIgniter\Debug\ExceptionHandler->handle(Object(Error), Object(CodeIgniter\HTTP\IncomingRequest), Object(CodeIgniter\HTTP\Response), 500, 1)
#5 [internal function]: CodeIgniter\Debug\Exceptions->exceptionHandler(Object(Error))
#6 {main}
  thrown
【Previous Exception】
Error
Class "Locale" not found
#0 /Applications/XAMPP/xamppfiles/htdocs/DeJesusAndrew_IT0049/demonstration_ci4/system/Boot.php(312): CodeIgniter\CodeIgniter->initialize()
#1 /Applications/XAMPP/xamppfiles/htdocs/DeJesusAndrew_IT0049/demonstration_ci4/system/Boot.php(66): CodeIgniter\Boot::initializeCodeIgniter()
#2 /Applications/XAMPP/xamppfiles/htdocs/DeJesusAndrew_IT0049/demonstration_ci4/public/index.php(56): CodeIgniter\Boot::bootWeb(Object(Config\Paths))
#3 {main}
[Method: GET, Route: /]
in SYSTEMPATH/I18n/TimeTrait.php on line 76.
 1 [internal function]: CodeIgniter\Debug\Exceptions->shutdownHandler()
CRITICAL - 2026-09-10 08:05:58 --> Error: Class "Locale" not found
[Method: GET, Route: /]
in SYSTEMPATH/CodeIgniter.php on line 190.
 1 SYSTEMPATH/Boot.php(312): CodeIgniter\CodeIgniter->initialize()
 2 SYSTEMPATH/Boot.php(66): CodeIgniter\Boot::initializeCodeIgniter()
 3 FCPATH/index.php(56): CodeIgniter\Boot::bootWeb(Object(Config\Paths))
CRITICAL - 2026-09-10 08:05:58 --> ErrorException: Uncaught Error: Class "Locale" not found in /Applications/XAMPP/xamppfiles/htdocs/DeJesusAndrew_IT0049/demonstration_ci4/system/Helpers/number_helper.php:140
Stack trace:
#0 /Applications/XAMPP/xamppfiles/htdocs/DeJesusAndrew_IT0049/demonstration_ci4/system/Helpers/number_helper.php(58): format_number(8.0, 2, NULL, Array)
#1 /Applications/XAMPP/xamppfiles/htdocs/DeJesusAndrew_IT0049/demonstration_ci4/system/Debug/BaseExceptionHandler.php(154): number_to_size(8.0, 2)
#2 /Applications/XAMPP/xamppfiles/htdocs/DeJesusAndrew_IT0049/demonstration_ci4/app/Views/errors/html/error_exception.php(409): CodeIgniter\Debug\BaseExceptionHandler::describeMemory(8388608)
#3 /Applications/XAMPP/xamppfiles/htdocs/DeJesusAndrew_IT0049/demonstration_ci4/system/Debug/BaseExceptionHandler.php(266): include('/Applications/X...')
#4 /Applications/XAMPP/xamppfiles/htdocs/DeJesusAndrew_IT0049/demonstration_ci4/system/Debug/BaseExceptionHandler.php(269): CodeIgniter\Debug\BaseExceptionHandler->CodeIgniter\Debug\{closure}()
#5 /Applications/XAMPP/xamppfiles/htdocs/DeJesusAndrew_IT0049/demonstration_ci4/system/Debug/ExceptionHandler.php(114): CodeIgniter\Debug\BaseExceptionHandler->render(Object(Error), 500, '/Applications/X...')
#6 /Applications/XAMPP/xamppfiles/htdocs/DeJesusAndrew_IT0049/demonstration_ci4/system/Debug/Exceptions.php(163): CodeIgniter\Debug\ExceptionHandler->handle(Object(Error), Object(CodeIgniter\HTTP\IncomingRequest), Object(CodeIgniter\HTTP\Response), 500, 1)
#7 [internal function]: CodeIgniter\Debug\Exceptions->exceptionHandler(Object(Error))
#8 {main}
  thrown
【Previous Exception】
Error
Class "Locale" not found
#0 /Applications/XAMPP/xamppfiles/htdocs/DeJesusAndrew_IT0049/demonstration_ci4/system/Boot.php(312): CodeIgniter\CodeIgniter->initialize()
#1 /Applications/XAMPP/xamppfiles/htdocs/DeJesusAndrew_IT0049/demonstration_ci4/system/Boot.php(66): CodeIgniter\Boot::initializeCodeIgniter()
#2 /Applications/XAMPP/xamppfiles/htdocs/DeJesusAndrew_IT0049/demonstration_ci4/public/index.php(56): CodeIgniter\Boot::bootWeb(Object(Config\Paths))
#3 {main}
[Method: GET, Route: /]
in SYSTEMPATH/Helpers/number_helper.php on line 140.
 1 [internal function]: CodeIgniter\Debug\Exceptions->shutdownHandler()
CRITICAL - 2026-09-10 08:06:02 --> Error: Class "Locale" not found
[Method: GET, Route: about]
in SYSTEMPATH/CodeIgniter.php on line 190.
 1 SYSTEMPATH/Boot.php(312): CodeIgniter\CodeIgniter->initialize()
 2 SYSTEMPATH/Boot.php(66): CodeIgniter\Boot::initializeCodeIgniter()
 3 FCPATH/index.php(56): CodeIgniter\Boot::bootWeb(Object(Config\Paths))
CRITICAL - 2026-09-10 08:06:02 --> ErrorException: Uncaught Error: Class "Locale" not found in /Applications/XAMPP/xamppfiles/htdocs/DeJesusAndrew_IT0049/demonstration_ci4/system/Helpers/number_helper.php:140
Stack trace:
#0 /Applications/XAMPP/xamppfiles/htdocs/DeJesusAndrew_IT0049/demonstration_ci4/system/Helpers/number_helper.php(58): format_number(8.0, 2, NULL, Array)
#1 /Applications/XAMPP/xamppfiles/htdocs/DeJesusAndrew_IT0049/demonstration_ci4/system/Debug/BaseExceptionHandler.php(154): number_to_size(8.0, 2)
#2 /Applications/XAMPP/xamppfiles/htdocs/DeJesusAndrew_IT0049/demonstration_ci4/app/Views/errors/html/error_exception.php(409): CodeIgniter\Debug\BaseExceptionHandler::describeMemory(8388608)
#3 /Applications/XAMPP/xamppfiles/htdocs/DeJesusAndrew_IT0049/demonstration_ci4/system/Debug/BaseExceptionHandler.php(266): include('/Applications/X...')
#4 /Applications/XAMPP/xamppfiles/htdocs/DeJesusAndrew_IT0049/demonstration_ci4/system/Debug/BaseExceptionHandler.php(269): CodeIgniter\Debug\BaseExceptionHandler->CodeIgniter\Debug\{closure}()
#5 /Applications/XAMPP/xamppfiles/htdocs/DeJesusAndrew_IT0049/demonstration_ci4/system/Debug/ExceptionHandler.php(114): CodeIgniter\Debug\BaseExceptionHandler->render(Object(Error), 500, '/Applications/X...')
#6 /Applications/XAMPP/xamppfiles/htdocs/DeJesusAndrew_IT0049/demonstration_ci4/system/Debug/Exceptions.php(163): CodeIgniter\Debug\ExceptionHandler->handle(Object(Error), Object(CodeIgniter\HTTP\IncomingRequest), Object(CodeIgniter\HTTP\Response), 500, 1)
#7 [internal function]: CodeIgniter\Debug\Exceptions->exceptionHandler(Object(Error))
#8 {main}
  thrown
【Previous Exception】
Error
Class "Locale" not found
#0 /Applications/XAMPP/xamppfiles/htdocs/DeJesusAndrew_IT0049/demonstration_ci4/system/Boot.php(312): CodeIgniter\CodeIgniter->initialize()
#1 /Applications/XAMPP/xamppfiles/htdocs/DeJesusAndrew_IT0049/demonstration_ci4/system/Boot.php(66): CodeIgniter\Boot::initializeCodeIgniter()
#2 /Applications/XAMPP/xamppfiles/htdocs/DeJesusAndrew_IT0049/demonstration_ci4/public/index.php(56): CodeIgniter\Boot::bootWeb(Object(Config\Paths))
#3 {main}
[Method: GET, Route: about]
in SYSTEMPATH/Helpers/number_helper.php on line 140.
 1 [internal function]: CodeIgniter\Debug\Exceptions->shutdownHandler()
CRITICAL - 2026-09-10 08:09:47 --> Error: Class "Locale" not found
[Method: GET, Route: /]
in SYSTEMPATH/CodeIgniter.php on line 190.
 1 SYSTEMPATH/Boot.php(312): CodeIgniter\CodeIgniter->initialize()
 2 SYSTEMPATH/Boot.php(66): CodeIgniter\Boot::initializeCodeIgniter()
 3 FCPATH/index.php(56): CodeIgniter\Boot::bootWeb(Object(Config\Paths))
CRITICAL - 2026-09-10 08:09:47 --> ErrorException: Uncaught Error: Class "Locale" not found in /Applications/XAMPP/xamppfiles/htdocs/DeJesusAndrew_IT0049/demonstration_ci4/system/Helpers/number_helper.php:140
Stack trace:
#0 /Applications/XAMPP/xamppfiles/htdocs/DeJesusAndrew_IT0049/demonstration_ci4/system/Helpers/number_helper.php(58): format_number(8.0, 2, NULL, Array)
#1 /Applications/XAMPP/xamppfiles/htdocs/DeJesusAndrew_IT0049/demonstration_ci4/system/Debug/BaseExceptionHandler.php(154): number_to_size(8.0, 2)
#2 /Applications/XAMPP/xamppfiles/htdocs/DeJesusAndrew_IT0049/demonstration_ci4/app/Views/errors/html/error_exception.php(409): CodeIgniter\Debug\BaseExceptionHandler::describeMemory(8388608)
#3 /Applications/XAMPP/xamppfiles/htdocs/DeJesusAndrew_IT0049/demonstration_ci4/system/Debug/BaseExceptionHandler.php(266): include('/Applications/X...')
#4 /Applications/XAMPP/xamppfiles/htdocs/DeJesusAndrew_IT0049/demonstration_ci4/system/Debug/BaseExceptionHandler.php(269): CodeIgniter\Debug\BaseExceptionHandler->CodeIgniter\Debug\{closure}()
#5 /Applications/XAMPP/xamppfiles/htdocs/DeJesusAndrew_IT0049/demonstration_ci4/system/Debug/ExceptionHandler.php(114): CodeIgniter\Debug\BaseExceptionHandler->render(Object(Error), 500, '/Applications/X...')
#6 /Applications/XAMPP/xamppfiles/htdocs/DeJesusAndrew_IT0049/demonstration_ci4/system/Debug/Exceptions.php(163): CodeIgniter\Debug\ExceptionHandler->handle(Object(Error), Object(CodeIgniter\HTTP\IncomingRequest), Object(CodeIgniter\HTTP\Response), 500, 1)
#7 [internal function]: CodeIgniter\Debug\Exceptions->exceptionHandler(Object(Error))
#8 {main}
  thrown
【Previous Exception】
Error
Class "Locale" not found
#0 /Applications/XAMPP/xamppfiles/htdocs/DeJesusAndrew_IT0049/demonstration_ci4/system/Boot.php(312): CodeIgniter\CodeIgniter->initialize()
#1 /Applications/XAMPP/xamppfiles/htdocs/DeJesusAndrew_IT0049/demonstration_ci4/system/Boot.php(66): CodeIgniter\Boot::initializeCodeIgniter()
#2 /Applications/XAMPP/xamppfiles/htdocs/DeJesusAndrew_IT0049/demonstration_ci4/public/index.php(56): CodeIgniter\Boot::bootWeb(Object(Config\Paths))
#3 {main}
[Method: GET, Route: /]
in SYSTEMPATH/Helpers/number_helper.php on line 140.
 1 [internal function]: CodeIgniter\Debug\Exceptions->shutdownHandler()
